
==================================================
Letter A
==================================================
  Fetching index for A...
    Found 664 entries
    Progress: 50/664
    Progress: 100/664
    Progress: 150/664
    Progress: 200/664
    Progress: 250/664
    Progress: 300/664
    Progress: 350/664
    Progress: 400/664
    Progress: 450/664
    Progress: 500/664
    Progress: 550/664
    Progress: 600/664
    Progress: 650/664
  Wrote A.txt (646 entries)

==================================================
Letter B
==================================================
  Fetching index for B...
    Found 464 entries
    Progress: 50/464
    Progress: 100/464
    Progress: 150/464
    Progress: 200/464
    Progress: 250/464
    Progress: 300/464
    Progress: 350/464
    Progress: 400/464
    Progress: 450/464
  Wrote B.txt (445 entries)

==================================================
Letter C
==================================================
  Fetching index for C...
    Found 395 entries
    Progress: 50/395
    Progress: 100/395
    Progress: 150/395
    Progress: 200/395
    Progress: 250/395
    Progress: 300/395
    Progress: 350/395
  Wrote C.txt (377 entries)

==================================================
Letter D
==================================================
  Fetching index for D...
    Found 179 entries
    Progress: 50/179
    Progress: 100/179
    Progress: 150/179
  Wrote D.txt (171 entries)

==================================================
Letter E
==================================================
  Fetching index for E...
    Found 299 entries
    Progress: 50/299
    Progress: 100/299
    Progress: 150/299
    Progress: 200/299
    Progress: 250/299
  Wrote E.txt (290 entries)

==================================================
Letter F
==================================================
  Fetching index for F...
    Found 107 entries
    Progress: 50/107
    Progress: 100/107
  Wrote F.txt (104 entries)

==================================================
Letter G
==================================================
  Fetching index for G...
    Found 225 entries
    Progress: 50/225
    Progress: 100/225
    Progress: 150/225
    Progress: 200/225
  Wrote G.txt (215 entries)

==================================================
Letter H
==================================================
  Fetching index for H...
    Found 396 entries
    Progress: 50/396
    Progress: 100/396
    Progress: 150/396
    Progress: 200/396
    Progress: 250/396
    Progress: 300/396
    Progress: 350/396
  Wrote H.txt (381 entries)

==================================================
Letter I
==================================================
  Fetching index for I...
    Found 147 entries
    Progress: 50/147
    Progress: 100/147
  Wrote I.txt (144 entries)

==================================================
Letter J
==================================================
  Fetching index for J...
    Found 336 entries
    Progress: 50/336
    Progress: 100/336
    Progress: 150/336
    Progress: 200/336
    Progress: 250/336
    Progress: 300/336
  Wrote J.txt (334 entries)

==================================================
Letter K
==================================================
  Fetching index for K...
    Found 99 entries
    Progress: 50/99
  Wrote K.txt (98 entries)

==================================================
Letter L
==================================================
  Fetching index for L...
    Found 183 entries
    Progress: 50/183
    Progress: 100/183
    Progress: 150/183
  Wrote L.txt (175 entries)

==================================================
Letter M
==================================================
  Fetching index for M...
    Found 426 entries
    Progress: 50/426
    Progress: 100/426
    Progress: 150/426
    Progress: 200/426
    Progress: 250/426
    Progress: 300/426
    Progress: 350/426
    Progress: 400/426
  Wrote M.txt (415 entries)

==================================================
Letter N
==================================================
  Fetching index for N...
    Found 171 entries
    Progress: 50/171
    Progress: 100/171
    Progress: 150/171
  Wrote N.txt (163 entries)

==================================================
Letter O
==================================================
  Fetching index for O...
    Found 104 entries
    Progress: 50/104
    Progress: 100/104
  Wrote O.txt (100 entries)

==================================================
Letter P
==================================================
  Fetching index for P...
    Found 329 entries
    Progress: 50/329
    Progress: 100/329
    Progress: 150/329
    Progress: 200/329
    Progress: 250/329
    Progress: 300/329
  Wrote P.txt (311 entries)

==================================================
Letter Q
==================================================
  Fetching index for Q...
    Found 13 entries
  Wrote Q.txt (13 entries)

==================================================
Letter R
==================================================
  Fetching index for R...
    Found 183 entries
    Progress: 50/183
    Progress: 100/183
    Progress: 150/183
  Wrote R.txt (176 entries)

==================================================
Letter S
==================================================
  Fetching index for S...
    Found 618 entries
    Progress: 50/618
    Progress: 100/618
    Progress: 150/618
    Progress: 200/618
    Progress: 250/618
    Progress: 300/618
    Progress: 350/618
    Progress: 400/618
    Progress: 450/618
    Progress: 500/618
    Progress: 550/618
    Progress: 600/618
  Wrote S.txt (593 entries)

==================================================
Letter T
==================================================
  Fetching index for T...
    Found 268 entries
    Progress: 50/268
    Progress: 100/268
    Progress: 150/268
    Progress: 200/268
    Progress: 250/268
  Wrote T.txt (252 entries)

==================================================
Letter U
==================================================
  Fetching index for U...
    Found 44 entries
  Wrote U.txt (43 entries)

==================================================
Letter V
==================================================
  Fetching index for V...
    Found 31 entries
  Wrote V.txt (29 entries)

==================================================
Letter W
==================================================
  Fetching index for W...
    Found 83 entries
    Progress: 50/83
  Wrote W.txt (75 entries)

==================================================
Letter X
==================================================
  Fetching index for X...
    Found 0 entries
  No entries found for X

==================================================
Letter Y
==================================================
  Fetching index for Y...
    Found 5 entries
  Wrote Y.txt (4 entries)

==================================================
Letter Z
==================================================
  Fetching index for Z...
    Found 143 entries
    Progress: 50/143
    Progress: 100/143
  Wrote Z.txt (135 entries)

==================================================
Hastings download complete: 5689 entries
Corpus: C:\own\alejandria\corpus\en\reference\hastings-dictionary-of-the-bible
